{
  apiKey: abc1234,
  notifier: {
    name: .NET Bugsnag Notifier,
    version: 3.1.0,
    url: https://github.com/bugsnag/bugsnag-net
  },
  events: [
    {
      payloadVersion: 4,
      exceptions: [
        {
          errorClass: NLog,
          message: My message,
          stacktrace: [
            {
              lineNumber: 0,
              inProject: false
            }
          ]
        }
      ],
      app: {
        releaseStage: testing,
        version: Could not find value for entry assembly and version type File,
        assemblies: [
          Bugsnag 3.1.0.0,
          NLog 5.1.1.1522
        ]
      },
      device: {Scrubbed},
      metaData: {},
      breadcrumbs: [],
      unhandled: false,
      severity: error,
      context: Assemblies_AreDefined_Then_TheyAreAdded
    }
  ]
}