{
  apiKey: abc1234,
  notifier: {
    name: .NET Bugsnag Notifier,
    version: 3.1.0,
    url: https://github.com/bugsnag/bugsnag-net
  },
  events: [
    {
      payloadVersion: 4,
      exceptions: [
        {
          errorClass: my custom errorClass with layout: IsDefined_Then_ItIsUsed,
          message: My message,
          stacktrace: [
            {
              lineNumber: 0,
              inProject: false
            }
          ]
        }
      ],
      app: {
        releaseStage: testing,
        version: Could not find value for entry assembly and version type File
      },
      device: {Scrubbed},
      metaData: {},
      breadcrumbs: [],
      unhandled: false,
      severity: error,
      context: IsDefined_Then_ItIsUsed
    }
  ]
}